{
  "_id": "_design/full",
  "language": "coffeescript",
  "views": {
    "numbers": {
      "map": "(doc) -> emit doc.number, null if doc.number",
      "reduce": "_count"
    }
  }
}
